../Testcases/TestCase5/F9/F3/xbt.txt
../Testcases/TestCase5/F9/F3/xbu.txt
../Testcases/TestCase5/F9/F5/xdl.txt
../Testcases/TestCase5/F9/F5/xdk.txt
../Testcases/TestCase5/F9/F2/xav.txt
../Testcases/TestCase5/F9/F2/xau.txt
../Testcases/TestCase5/F9/F1/xad.txt
../Testcases/TestCase5/F9/F1/xai.txt
../Testcases/TestCase5/F9/F4/xck.txt
../Testcases/TestCase5/F9/F4/xcm.txt
../Testcases/TestCase5/F7/F3/xbt.txt
../Testcases/TestCase5/F7/F3/xbu.txt
../Testcases/TestCase5/F7/F5/xdl.txt
../Testcases/TestCase5/F7/F5/xdk.txt
../Testcases/TestCase5/F7/F2/xav.txt
../Testcases/TestCase5/F7/F2/xau.txt
../Testcases/TestCase5/F7/F1/xad.txt
../Testcases/TestCase5/F7/F1/xai.txt
../Testcases/TestCase5/F7/F4/xck.txt
../Testcases/TestCase5/F7/F4/xcm.txt
../Testcases/TestCase5/F3/F3/xbt.txt
../Testcases/TestCase5/F3/F3/xbu.txt
../Testcases/TestCase5/F3/F5/xdl.txt
../Testcases/TestCase5/F3/F5/xdk.txt
../Testcases/TestCase5/F3/F2/xav.txt
../Testcases/TestCase5/F3/F2/xau.txt
../Testcases/TestCase5/F3/F1/xad.txt
../Testcases/TestCase5/F3/F1/xai.txt
../Testcases/TestCase5/F3/F4/xck.txt
../Testcases/TestCase5/F3/F4/xcm.txt
../Testcases/TestCase5/F5/F3/xbt.txt
../Testcases/TestCase5/F5/F3/xbu.txt
../Testcases/TestCase5/F5/F5/xdl.txt
../Testcases/TestCase5/F5/F5/xdk.txt
../Testcases/TestCase5/F5/F2/xav.txt
../Testcases/TestCase5/F5/F2/xau.txt
../Testcases/TestCase5/F5/F1/xad.txt
../Testcases/TestCase5/F5/F1/xai.txt
../Testcases/TestCase5/F5/F4/xck.txt
../Testcases/TestCase5/F5/F4/xcm.txt
../Testcases/TestCase5/F10/F3/xbt.txt
../Testcases/TestCase5/F10/F3/xbu.txt
../Testcases/TestCase5/F10/F5/xdl.txt
../Testcases/TestCase5/F10/F5/xdk.txt
../Testcases/TestCase5/F10/F2/xav.txt
../Testcases/TestCase5/F10/F2/xau.txt
../Testcases/TestCase5/F10/F1/xad.txt
../Testcases/TestCase5/F10/F1/xai.txt
../Testcases/TestCase5/F10/F4/xck.txt
../Testcases/TestCase5/F10/F4/xcm.txt
../Testcases/TestCase5/F2/F3/xbt.txt
../Testcases/TestCase5/F2/F3/xbu.txt
../Testcases/TestCase5/F2/F5/xdl.txt
../Testcases/TestCase5/F2/F5/xdk.txt
../Testcases/TestCase5/F2/F2/xav.txt
../Testcases/TestCase5/F2/F2/xau.txt
../Testcases/TestCase5/F2/F1/xad.txt
../Testcases/TestCase5/F2/F1/xai.txt
../Testcases/TestCase5/F2/F4/xck.txt
../Testcases/TestCase5/F2/F4/xcm.txt
../Testcases/TestCase5/F1/F3/xbt.txt
../Testcases/TestCase5/F1/F3/xbu.txt
../Testcases/TestCase5/F1/F5/xdl.txt
../Testcases/TestCase5/F1/F5/xdk.txt
../Testcases/TestCase5/F1/F2/xav.txt
../Testcases/TestCase5/F1/F2/xau.txt
../Testcases/TestCase5/F1/F1/xad.txt
../Testcases/TestCase5/F1/F1/xai.txt
../Testcases/TestCase5/F1/F4/xck.txt
../Testcases/TestCase5/F1/F4/xcm.txt
../Testcases/TestCase5/F8/F3/xbt.txt
../Testcases/TestCase5/F8/F3/xbu.txt
../Testcases/TestCase5/F8/F5/xdl.txt
../Testcases/TestCase5/F8/F5/xdk.txt
../Testcases/TestCase5/F8/F2/xav.txt
../Testcases/TestCase5/F8/F2/xau.txt
../Testcases/TestCase5/F8/F1/xad.txt
../Testcases/TestCase5/F8/F1/xai.txt
../Testcases/TestCase5/F8/F4/xck.txt
../Testcases/TestCase5/F8/F4/xcm.txt
../Testcases/TestCase5/F6/F3/xbt.txt
../Testcases/TestCase5/F6/F3/xbu.txt
../Testcases/TestCase5/F6/F5/xdl.txt
../Testcases/TestCase5/F6/F5/xdk.txt
../Testcases/TestCase5/F6/F2/xav.txt
../Testcases/TestCase5/F6/F2/xau.txt
../Testcases/TestCase5/F6/F1/xad.txt
../Testcases/TestCase5/F6/F1/xai.txt
../Testcases/TestCase5/F6/F4/xck.txt
../Testcases/TestCase5/F6/F4/xcm.txt
../Testcases/TestCase5/F4/F3/xbt.txt
../Testcases/TestCase5/F4/F3/xbu.txt
../Testcases/TestCase5/F4/F5/xdl.txt
../Testcases/TestCase5/F4/F5/xdk.txt
../Testcases/TestCase5/F4/F2/xav.txt
../Testcases/TestCase5/F4/F2/xau.txt
../Testcases/TestCase5/F4/F1/xad.txt
../Testcases/TestCase5/F4/F1/xai.txt
../Testcases/TestCase5/F4/F4/xck.txt
../Testcases/TestCase5/F4/F4/xcm.txt
