../Testcases/TestCase5/F9/F3/xbq.txt
../Testcases/TestCase5/F9/F3/xbo.txt
../Testcases/TestCase5/F9/F5/xdh.txt
../Testcases/TestCase5/F9/F5/xdj.txt
../Testcases/TestCase5/F9/F2/xas.txt
../Testcases/TestCase5/F9/F2/xax.txt
../Testcases/TestCase5/F9/F1/xag.txt
../Testcases/TestCase5/F9/F1/xaf.txt
../Testcases/TestCase5/F9/F4/xcn.txt
../Testcases/TestCase5/F9/F4/xcp.txt
../Testcases/TestCase5/F7/F3/xbq.txt
../Testcases/TestCase5/F7/F3/xbo.txt
../Testcases/TestCase5/F7/F5/xdh.txt
../Testcases/TestCase5/F7/F5/xdj.txt
../Testcases/TestCase5/F7/F2/xas.txt
../Testcases/TestCase5/F7/F2/xax.txt
../Testcases/TestCase5/F7/F1/xag.txt
../Testcases/TestCase5/F7/F1/xaf.txt
../Testcases/TestCase5/F7/F4/xcn.txt
../Testcases/TestCase5/F7/F4/xcp.txt
../Testcases/TestCase5/F3/F3/xbq.txt
../Testcases/TestCase5/F3/F3/xbo.txt
../Testcases/TestCase5/F3/F5/xdh.txt
../Testcases/TestCase5/F3/F5/xdj.txt
../Testcases/TestCase5/F3/F2/xas.txt
../Testcases/TestCase5/F3/F2/xax.txt
../Testcases/TestCase5/F3/F1/xag.txt
../Testcases/TestCase5/F3/F1/xaf.txt
../Testcases/TestCase5/F3/F4/xcn.txt
../Testcases/TestCase5/F3/F4/xcp.txt
../Testcases/TestCase5/F5/F3/xbq.txt
../Testcases/TestCase5/F5/F3/xbo.txt
../Testcases/TestCase5/F5/F5/xdh.txt
../Testcases/TestCase5/F5/F5/xdj.txt
../Testcases/TestCase5/F5/F2/xas.txt
../Testcases/TestCase5/F5/F2/xax.txt
../Testcases/TestCase5/F5/F1/xag.txt
../Testcases/TestCase5/F5/F1/xaf.txt
../Testcases/TestCase5/F5/F4/xcn.txt
../Testcases/TestCase5/F5/F4/xcp.txt
../Testcases/TestCase5/F10/F3/xbq.txt
../Testcases/TestCase5/F10/F3/xbo.txt
../Testcases/TestCase5/F10/F5/xdh.txt
../Testcases/TestCase5/F10/F5/xdj.txt
../Testcases/TestCase5/F10/F2/xas.txt
../Testcases/TestCase5/F10/F2/xax.txt
../Testcases/TestCase5/F10/F1/xag.txt
../Testcases/TestCase5/F10/F1/xaf.txt
../Testcases/TestCase5/F10/F4/xcn.txt
../Testcases/TestCase5/F10/F4/xcp.txt
../Testcases/TestCase5/F2/F3/xbq.txt
../Testcases/TestCase5/F2/F3/xbo.txt
../Testcases/TestCase5/F2/F5/xdh.txt
../Testcases/TestCase5/F2/F5/xdj.txt
../Testcases/TestCase5/F2/F2/xas.txt
../Testcases/TestCase5/F2/F2/xax.txt
../Testcases/TestCase5/F2/F1/xag.txt
../Testcases/TestCase5/F2/F1/xaf.txt
../Testcases/TestCase5/F2/F4/xcn.txt
../Testcases/TestCase5/F2/F4/xcp.txt
../Testcases/TestCase5/F1/F3/xbq.txt
../Testcases/TestCase5/F1/F3/xbo.txt
../Testcases/TestCase5/F1/F5/xdh.txt
../Testcases/TestCase5/F1/F5/xdj.txt
../Testcases/TestCase5/F1/F2/xas.txt
../Testcases/TestCase5/F1/F2/xax.txt
../Testcases/TestCase5/F1/F1/xag.txt
../Testcases/TestCase5/F1/F1/xaf.txt
../Testcases/TestCase5/F1/F4/xcn.txt
../Testcases/TestCase5/F1/F4/xcp.txt
../Testcases/TestCase5/F8/F3/xbq.txt
../Testcases/TestCase5/F8/F3/xbo.txt
../Testcases/TestCase5/F8/F5/xdh.txt
../Testcases/TestCase5/F8/F5/xdj.txt
../Testcases/TestCase5/F8/F2/xas.txt
../Testcases/TestCase5/F8/F2/xax.txt
../Testcases/TestCase5/F8/F1/xag.txt
../Testcases/TestCase5/F8/F1/xaf.txt
../Testcases/TestCase5/F8/F4/xcn.txt
../Testcases/TestCase5/F8/F4/xcp.txt
../Testcases/TestCase5/F6/F3/xbq.txt
../Testcases/TestCase5/F6/F3/xbo.txt
../Testcases/TestCase5/F6/F5/xdh.txt
../Testcases/TestCase5/F6/F5/xdj.txt
../Testcases/TestCase5/F6/F2/xas.txt
../Testcases/TestCase5/F6/F2/xax.txt
../Testcases/TestCase5/F6/F1/xag.txt
../Testcases/TestCase5/F6/F1/xaf.txt
../Testcases/TestCase5/F6/F4/xcn.txt
../Testcases/TestCase5/F6/F4/xcp.txt
../Testcases/TestCase5/F4/F3/xbq.txt
../Testcases/TestCase5/F4/F3/xbo.txt
../Testcases/TestCase5/F4/F5/xdh.txt
../Testcases/TestCase5/F4/F5/xdj.txt
../Testcases/TestCase5/F4/F2/xas.txt
../Testcases/TestCase5/F4/F2/xax.txt
../Testcases/TestCase5/F4/F1/xag.txt
../Testcases/TestCase5/F4/F1/xaf.txt
../Testcases/TestCase5/F4/F4/xcn.txt
../Testcases/TestCase5/F4/F4/xcp.txt
