A 1345
B 1039
C 1754
D 1037
E 771
F 629
G 611
H 731
I 676
J 144
K 206
L 531
M 1062
N 735
O 701
P 1887
Q 96
R 889
S 2067
T 1008
U 1234
V 291
W 385
X 29
Y 62
Z 80
