../Testcases/TestCase2/F9/xgj.txt
../Testcases/TestCase2/F7/xfh.txt
../Testcases/TestCase2/F5/xdd.txt
../Testcases/TestCase2/F10/xhj.txt
../Testcases/TestCase2/F1/xaf.txt
../Testcases/TestCase2/F6/xep.txt
../Testcases/TestCase2/F4/xcl.txt
