../Testcases/TestCase2/F9/xgs.txt
../Testcases/TestCase2/F3/xbq.txt
../Testcases/TestCase2/F5/xdq.txt
../Testcases/TestCase2/F2/xbk.txt
../Testcases/TestCase2/F1/xbj.txt
../Testcases/TestCase2/F6/xec.txt
