A 1045
B 788
C 1357
D 822
E 598
F 500
G 482
H 581
I 520
J 108
K 157
L 412
M 833
N 565
O 563
P 1464
Q 74
R 691
S 1597
T 812
U 968
V 221
W 312
X 21
Y 49
Z 60
