../Testcases/TestCase4/F9/F3/xbv.txt
../Testcases/TestCase4/F9/F3/xbw.txt
../Testcases/TestCase4/F9/F5/xdf.txt
../Testcases/TestCase4/F9/F5/xdi.txt
../Testcases/TestCase4/F9/F2/xar.txt
../Testcases/TestCase4/F9/F2/xaq.txt
../Testcases/TestCase4/F9/F1/xaa.txt
../Testcases/TestCase4/F9/F1/xac.txt
../Testcases/TestCase4/F9/F4/xcq.txt
../Testcases/TestCase4/F9/F4/xci.txt
../Testcases/TestCase4/F7/F3/xbv.txt
../Testcases/TestCase4/F7/F3/xbw.txt
../Testcases/TestCase4/F7/F5/xdf.txt
../Testcases/TestCase4/F7/F5/xdi.txt
../Testcases/TestCase4/F7/F2/xar.txt
../Testcases/TestCase4/F7/F2/xaq.txt
../Testcases/TestCase4/F7/F1/xaa.txt
../Testcases/TestCase4/F7/F1/xac.txt
../Testcases/TestCase4/F7/F4/xcq.txt
../Testcases/TestCase4/F7/F4/xci.txt
../Testcases/TestCase4/F3/F3/xbv.txt
../Testcases/TestCase4/F3/F3/xbw.txt
../Testcases/TestCase4/F3/F5/xdf.txt
../Testcases/TestCase4/F3/F5/xdi.txt
../Testcases/TestCase4/F3/F2/xar.txt
../Testcases/TestCase4/F3/F2/xaq.txt
../Testcases/TestCase4/F3/F1/xaa.txt
../Testcases/TestCase4/F3/F1/xac.txt
../Testcases/TestCase4/F3/F4/xcq.txt
../Testcases/TestCase4/F3/F4/xci.txt
../Testcases/TestCase4/F5/F3/xbv.txt
../Testcases/TestCase4/F5/F3/xbw.txt
../Testcases/TestCase4/F5/F5/xdf.txt
../Testcases/TestCase4/F5/F5/xdi.txt
../Testcases/TestCase4/F5/F2/xar.txt
../Testcases/TestCase4/F5/F2/xaq.txt
../Testcases/TestCase4/F5/F1/xaa.txt
../Testcases/TestCase4/F5/F1/xac.txt
../Testcases/TestCase4/F5/F4/xcq.txt
../Testcases/TestCase4/F5/F4/xci.txt
../Testcases/TestCase4/F10/F3/xbv.txt
../Testcases/TestCase4/F10/F3/xbw.txt
../Testcases/TestCase4/F10/F5/xdf.txt
../Testcases/TestCase4/F10/F5/xdi.txt
../Testcases/TestCase4/F10/F2/xar.txt
../Testcases/TestCase4/F10/F2/xaq.txt
../Testcases/TestCase4/F10/F1/xaa.txt
../Testcases/TestCase4/F10/F1/xac.txt
../Testcases/TestCase4/F10/F4/xcq.txt
../Testcases/TestCase4/F10/F4/xci.txt
../Testcases/TestCase4/F2/F3/xbv.txt
../Testcases/TestCase4/F2/F3/xbw.txt
../Testcases/TestCase4/F2/F5/xdf.txt
../Testcases/TestCase4/F2/F5/xdi.txt
../Testcases/TestCase4/F2/F2/xar.txt
../Testcases/TestCase4/F2/F2/xaq.txt
../Testcases/TestCase4/F2/F1/xaa.txt
../Testcases/TestCase4/F2/F1/xac.txt
../Testcases/TestCase4/F2/F4/xcq.txt
../Testcases/TestCase4/F2/F4/xci.txt
../Testcases/TestCase4/F1/F3/xbv.txt
../Testcases/TestCase4/F1/F3/xbw.txt
../Testcases/TestCase4/F1/F5/xdf.txt
../Testcases/TestCase4/F1/F5/xdi.txt
../Testcases/TestCase4/F1/F2/xar.txt
../Testcases/TestCase4/F1/F2/xaq.txt
../Testcases/TestCase4/F1/F1/xaa.txt
../Testcases/TestCase4/F1/F1/xac.txt
../Testcases/TestCase4/F1/F4/xcq.txt
../Testcases/TestCase4/F1/F4/xci.txt
../Testcases/TestCase4/F8/F3/xbv.txt
../Testcases/TestCase4/F8/F3/xbw.txt
../Testcases/TestCase4/F8/F5/xdf.txt
../Testcases/TestCase4/F8/F5/xdi.txt
../Testcases/TestCase4/F8/F2/xar.txt
../Testcases/TestCase4/F8/F2/xaq.txt
../Testcases/TestCase4/F8/F1/xaa.txt
../Testcases/TestCase4/F8/F1/xac.txt
../Testcases/TestCase4/F8/F4/xcq.txt
../Testcases/TestCase4/F8/F4/xci.txt
../Testcases/TestCase4/F6/F3/xbv.txt
../Testcases/TestCase4/F6/F3/xbw.txt
../Testcases/TestCase4/F6/F5/xdf.txt
../Testcases/TestCase4/F6/F5/xdi.txt
../Testcases/TestCase4/F6/F2/xar.txt
../Testcases/TestCase4/F6/F2/xaq.txt
../Testcases/TestCase4/F6/F1/xaa.txt
../Testcases/TestCase4/F6/F1/xac.txt
../Testcases/TestCase4/F6/F4/xcq.txt
../Testcases/TestCase4/F6/F4/xci.txt
../Testcases/TestCase4/F4/F3/xbv.txt
../Testcases/TestCase4/F4/F3/xbw.txt
../Testcases/TestCase4/F4/F5/xdf.txt
../Testcases/TestCase4/F4/F5/xdi.txt
../Testcases/TestCase4/F4/F2/xar.txt
../Testcases/TestCase4/F4/F2/xaq.txt
../Testcases/TestCase4/F4/F1/xaa.txt
../Testcases/TestCase4/F4/F1/xac.txt
../Testcases/TestCase4/F4/F4/xcq.txt
../Testcases/TestCase4/F4/F4/xci.txt
