../Testcases/TestCase4/F9/F3/xbs.txt
../Testcases/TestCase4/F9/F3/xbp.txt
../Testcases/TestCase4/F9/F5/xde.txt
../Testcases/TestCase4/F9/F5/xdc.txt
../Testcases/TestCase4/F9/F2/xaw.txt
../Testcases/TestCase4/F9/F2/xat.txt
../Testcases/TestCase4/F9/F1/xaj.txt
../Testcases/TestCase4/F9/F1/xae.txt
../Testcases/TestCase4/F9/F4/xcr.txt
../Testcases/TestCase4/F9/F4/xcl.txt
../Testcases/TestCase4/F7/F3/xbs.txt
../Testcases/TestCase4/F7/F3/xbp.txt
../Testcases/TestCase4/F7/F5/xde.txt
../Testcases/TestCase4/F7/F5/xdc.txt
../Testcases/TestCase4/F7/F2/xaw.txt
../Testcases/TestCase4/F7/F2/xat.txt
../Testcases/TestCase4/F7/F1/xaj.txt
../Testcases/TestCase4/F7/F1/xae.txt
../Testcases/TestCase4/F7/F4/xcr.txt
../Testcases/TestCase4/F7/F4/xcl.txt
../Testcases/TestCase4/F3/F3/xbs.txt
../Testcases/TestCase4/F3/F3/xbp.txt
../Testcases/TestCase4/F3/F5/xde.txt
../Testcases/TestCase4/F3/F5/xdc.txt
../Testcases/TestCase4/F3/F2/xaw.txt
../Testcases/TestCase4/F3/F2/xat.txt
../Testcases/TestCase4/F3/F1/xaj.txt
../Testcases/TestCase4/F3/F1/xae.txt
../Testcases/TestCase4/F3/F4/xcr.txt
../Testcases/TestCase4/F3/F4/xcl.txt
../Testcases/TestCase4/F5/F3/xbs.txt
../Testcases/TestCase4/F5/F3/xbp.txt
../Testcases/TestCase4/F5/F5/xde.txt
../Testcases/TestCase4/F5/F5/xdc.txt
../Testcases/TestCase4/F5/F2/xaw.txt
../Testcases/TestCase4/F5/F2/xat.txt
../Testcases/TestCase4/F5/F1/xaj.txt
../Testcases/TestCase4/F5/F1/xae.txt
../Testcases/TestCase4/F5/F4/xcr.txt
../Testcases/TestCase4/F5/F4/xcl.txt
../Testcases/TestCase4/F10/F3/xbs.txt
../Testcases/TestCase4/F10/F3/xbp.txt
../Testcases/TestCase4/F10/F5/xde.txt
../Testcases/TestCase4/F10/F5/xdc.txt
../Testcases/TestCase4/F10/F2/xaw.txt
../Testcases/TestCase4/F10/F2/xat.txt
../Testcases/TestCase4/F10/F1/xaj.txt
../Testcases/TestCase4/F10/F1/xae.txt
../Testcases/TestCase4/F10/F4/xcr.txt
../Testcases/TestCase4/F10/F4/xcl.txt
../Testcases/TestCase4/F2/F3/xbs.txt
../Testcases/TestCase4/F2/F3/xbp.txt
../Testcases/TestCase4/F2/F5/xde.txt
../Testcases/TestCase4/F2/F5/xdc.txt
../Testcases/TestCase4/F2/F2/xaw.txt
../Testcases/TestCase4/F2/F2/xat.txt
../Testcases/TestCase4/F2/F1/xaj.txt
../Testcases/TestCase4/F2/F1/xae.txt
../Testcases/TestCase4/F2/F4/xcr.txt
../Testcases/TestCase4/F2/F4/xcl.txt
../Testcases/TestCase4/F1/F3/xbs.txt
../Testcases/TestCase4/F1/F3/xbp.txt
../Testcases/TestCase4/F1/F5/xde.txt
../Testcases/TestCase4/F1/F5/xdc.txt
../Testcases/TestCase4/F1/F2/xaw.txt
../Testcases/TestCase4/F1/F2/xat.txt
../Testcases/TestCase4/F1/F1/xaj.txt
../Testcases/TestCase4/F1/F1/xae.txt
../Testcases/TestCase4/F1/F4/xcr.txt
../Testcases/TestCase4/F1/F4/xcl.txt
../Testcases/TestCase4/F8/F3/xbs.txt
../Testcases/TestCase4/F8/F3/xbp.txt
../Testcases/TestCase4/F8/F5/xde.txt
../Testcases/TestCase4/F8/F5/xdc.txt
../Testcases/TestCase4/F8/F2/xaw.txt
../Testcases/TestCase4/F8/F2/xat.txt
../Testcases/TestCase4/F8/F1/xaj.txt
../Testcases/TestCase4/F8/F1/xae.txt
../Testcases/TestCase4/F8/F4/xcr.txt
../Testcases/TestCase4/F8/F4/xcl.txt
../Testcases/TestCase4/F6/F3/xbs.txt
../Testcases/TestCase4/F6/F3/xbp.txt
../Testcases/TestCase4/F6/F5/xde.txt
../Testcases/TestCase4/F6/F5/xdc.txt
../Testcases/TestCase4/F6/F2/xaw.txt
../Testcases/TestCase4/F6/F2/xat.txt
../Testcases/TestCase4/F6/F1/xaj.txt
../Testcases/TestCase4/F6/F1/xae.txt
../Testcases/TestCase4/F6/F4/xcr.txt
../Testcases/TestCase4/F6/F4/xcl.txt
../Testcases/TestCase4/F4/F3/xbs.txt
../Testcases/TestCase4/F4/F3/xbp.txt
../Testcases/TestCase4/F4/F5/xde.txt
../Testcases/TestCase4/F4/F5/xdc.txt
../Testcases/TestCase4/F4/F2/xaw.txt
../Testcases/TestCase4/F4/F2/xat.txt
../Testcases/TestCase4/F4/F1/xaj.txt
../Testcases/TestCase4/F4/F1/xae.txt
../Testcases/TestCase4/F4/F4/xcr.txt
../Testcases/TestCase4/F4/F4/xcl.txt
