A 3060
B 2680
C 4470
D 2630
E 1870
F 1670
G 1600
H 1690
I 1730
J 270
K 470
L 1310
M 2750
N 2170
O 1720
P 4850
Q 240
R 2370
S 5150
T 2540
U 2910
V 560
W 880
X 20
Y 180
Z 210
